// Jest Snapshot v1, https://goo.gl/fbAQLP

exports[`Input bar should match snapshot 1`] = `"<div class=\\"input-bar\\"><input value=\\"\\"/></div>"`;
