// Jest Snapshot v1, https://goo.gl/fbAQLP

exports[`App should match snapshot 1`] = `"<div class=\\"App\\"><div class=\\"input-bar\\"><input value=\\"\\"/></div><div class=\\"Timer\\"><button>Start</button><div class=\\"seconds\\">Remaining Seconds: 60</div></div></div>"`;
